Deploy forçado em 2025-10-07 para Render.
[static] Servindo frontend de: C:\controle-de-falhas-aoi\frontend
Ambiente de desenvolvimento detectado. Usando SQLite.
Tabela "requisicoes" verificada/criada no SQLite.
Servidor rodando na porta 3001 (acessível na rede local)
[debug:/api/requisicoes] registros fetched count= 1
[debug:/api/requisicoes] registros sample: [
  {
    "om": "00145",
    "pn": "A10530",
    "descricao": "RESISTOR 0603 10K",
    "designador": "R1,R2,R3"
  }
]
[debug:/api/requisicoes] registro.id? (no id field) designador raw= R1,R2,R3 parts= [ 'R1', 'R2', 'R3' ]
[debug:/api/requisicoes] about to insert items count= 3
[debug:/api/requisicoes] items: [
  {
    "pn": "A10530",
    "descricao": "RESISTOR 0603 10K (R1)",
    "quantidade_requisitada": 1,
    "quantidade_entregue": 0
  },
  {
    "pn": "A10530",
    "descricao": "RESISTOR 0603 10K (R2)",
    "quantidade_requisitada": 1,
    "quantidade_entregue": 0
  },
  {
    "pn": "A10530",
    "descricao": "RESISTOR 0603 10K (R3)",
    "quantidade_requisitada": 1,
    "quantidade_entregue": 0
  }
]
[DELETE /api/requisicoes/54] Usuário: undefined | Papel: admin
[DELETE /api/requisicoes/53] Usuário: undefined | Papel: admin
[debug:/api/requisicoes] registros fetched count= 1
[debug:/api/requisicoes] registros sample: [
  {
    "om": "00145",
    "pn": "A10530",
    "descricao": "RESISTOR 0603 10K",
    "designador": "R1,R2,R3"
  }
]
[debug:/api/requisicoes] registro.id? (no id field) designador raw= R1,R2,R3 parts= [ 'R1', 'R2', 'R3' ]
[debug:/api/requisicoes] about to insert items count= 3
[debug:/api/requisicoes] items: [
  {
    "pn": "A10530",
    "descricao": "RESISTOR 0603 10K (R1)",
    "quantidade_requisitada": 1,
    "quantidade_entregue": 0
  },
  {
    "pn": "A10530",
    "descricao": "RESISTOR 0603 10K (R2)",
    "quantidade_requisitada": 1,
    "quantidade_entregue": 0
  },
  {
    "pn": "A10530",
    "descricao": "RESISTOR 0603 10K (R3)",
    "quantidade_requisitada": 1,
    "quantidade_entregue": 0
  }
]
[debug:/api/requisicoes] registros fetched count= 0
[debug:/api/requisicoes] registros sample: []
[debug:/api/requisicoes] registros fetched count= 1
[debug:/api/requisicoes] registros sample: [
  {
    "om": "00145",
    "pn": "A10530",
    "descricao": "RESISTOR 0603 10K",
    "designador": "R1,R2,R3"
  }
]
[debug:/api/requisicoes] registro.id? (no id field) designador raw= R1,R2,R3 parts= [ 'R1', 'R2', 'R3' ]
[debug:/api/requisicoes] about to insert items count= 3
[debug:/api/requisicoes] items: [
  {
    "pn": "A10530",
    "descricao": "RESISTOR 0603 10K (R1)",
    "quantidade_requisitada": 1,
    "quantidade_entregue": 0
  },
  {
    "pn": "A10530",
    "descricao": "RESISTOR 0603 10K (R2)",
    "quantidade_requisitada": 1,
    "quantidade_entregue": 0
  },
  {
    "pn": "A10530",
    "descricao": "RESISTOR 0603 10K (R3)",
    "quantidade_requisitada": 1,
    "quantidade_entregue": 0
  }
]
